SQL> @ /home/draigoza/Desktop/MasterOwl_Sales/mass_Details.sql;

Procedure created.

No errors.
SQL> exec mass_Details('401','21-DEC-18');

PL/SQL procedure successfully completed.

SQL> @ /home/draigoza/Desktop/MasterOwl_Sales/mass_Details.sql;

Procedure created.

No errors.
SQL> exec mass_Details('401','21-DEC-10');

PL/SQL procedure successfully completed.

SQL> @ /home/draigoza/Desktop/MasterOwl_Sales/mass_Details.sql;

Procedure created.

No errors.
SQL> exec mass_Details('401','21-DEC-10');

PL/SQL procedure successfully completed.

SQL> @ /home/draigoza/Desktop/MasterOwl_Sales/mass_Details.sql;

Procedure created.

No errors.
SQL> exec mass_Details('401','21-DEC-10');

PL/SQL procedure successfully completed.

SQL> @ /home/draigoza/Desktop/MasterOwl_Sales/mass_Details.sql;

Procedure created.

No errors.
SQL> exec mass_Details('401','21-DEC-10');

PL/SQL procedure successfully completed.

SQL> @ /home/draigoza/Desktop/MasterOwl_Sales/mass_Details.sql;

Procedure created.

No errors.
SQL> exec mass_Details('401','21-DEC-10');

PL/SQL procedure successfully completed.

SQL> set serveroutput on;
SQL> @ /home/draigoza/Desktop/MasterOwl_Sales/mass_Details.sql;
hi                                                                              

Procedure created.

No errors.
SQL> @ /home/draigoza/Desktop/MasterOwl_Sales/mass_Details.sql;

Procedure created.

No errors.
SQL> exec mass_Details('401','21-DEC-10');
hi02-JAN-19                                                                     

PL/SQL procedure successfully completed.

SQL> @ /home/draigoza/Desktop/MasterOwl_Sales/mass_Details.sql;

Procedure created.

No errors.
SQL> exec mass_Details('401','21-DEC-10');
hi02-JAN-19                                                                     

PL/SQL procedure successfully completed.

SQL> @ /home/draigoza/Desktop/MasterOwl_Sales/mass_Details.sql;

Warning: Procedure created with compilation errors.

Errors for PROCEDURE MASS_DETAILS:

LINE/COL ERROR                                                                  
-------- -----------------------------------------------------------------      
3/8      PLS-00103: Encountered the symbol "IS" when expecting one of the       
         following:                                                             
         <an identifier> <a double-quoted delimited-identifier>                 
                                                                                
SQL> @ /home/draigoza/Desktop/MasterOwl_Sales/mass_Details.sql;

Warning: Procedure created with compilation errors.

Errors for PROCEDURE MASS_DETAILS:

LINE/COL ERROR                                                                  
-------- -----------------------------------------------------------------      
3/14     PLS-00103: Encountered the symbol "ITEMORDER" when expecting one       
         of the following:                                                      
         ( select <a SQL statement>                                             
         The symbol "ITEMORDER" was ignored.                                    
                                                                                
3/94     PLS-00103: Encountered the symbol "WHERE" when expecting one of        
         the following:                                                         
         . ( , * @ % & - + / at mod remainder rem <an identifier>               
         <a double-quoted delimited-identifier> <an exponent (**)> as           
         from || multiset                                                       
                                                                                

LINE/COL ERROR                                                                  
-------- -----------------------------------------------------------------      
5/1      PLS-00103: Encountered the symbol "CURSOR"                             
SQL> @ /home/draigoza/Desktop/MasterOwl_Sales/mass_Details.sql;

Warning: Procedure created with compilation errors.

Errors for PROCEDURE MASS_DETAILS:

LINE/COL ERROR                                                                  
-------- -----------------------------------------------------------------      
5/14     PL/SQL: SQL Statement ignored                                          
5/69     PL/SQL: ORA-00904: "DATE_OF_ORDER": invalid identifier                 
7/14     PL/SQL: SQL Statement ignored                                          
7/86     PL/SQL: ORA-00904: "CUSTID": invalid identifier                        
9/14     PL/SQL: SQL Statement ignored                                          
9/95     PL/SQL: ORA-00904: "CUSTID": invalid identifier                        
SQL> @ /home/draigoza/Desktop/MasterOwl_Sales/mass_Details.sql;

Warning: Procedure created with compilation errors.

Errors for PROCEDURE MASS_DETAILS:

LINE/COL ERROR                                                                  
-------- -----------------------------------------------------------------      
5/14     PL/SQL: SQL Statement ignored                                          
5/69     PL/SQL: ORA-00904: "DATE_OF_ORDER": invalid identifier                 
7/14     PL/SQL: SQL Statement ignored                                          
7/86     PL/SQL: ORA-00904: "CUSTID": invalid identifier                        
9/14     PL/SQL: SQL Statement ignored                                          
9/95     PL/SQL: ORA-00904: "CUSTID": invalid identifier                        
SQL> @ /home/draigoza/Desktop/MasterOwl_Sales/mass_Details.sql;

Warning: Procedure created with compilation errors.

Errors for PROCEDURE MASS_DETAILS:

LINE/COL ERROR                                                                  
-------- -----------------------------------------------------------------      
5/14     PL/SQL: SQL Statement ignored                                          
5/69     PL/SQL: ORA-00904: "DATE_OF_ORDER": invalid identifier                 
7/14     PL/SQL: SQL Statement ignored                                          
7/86     PL/SQL: ORA-00904: "CUSTID": invalid identifier                        
9/14     PL/SQL: SQL Statement ignored                                          
9/95     PL/SQL: ORA-00904: "CUSTID": invalid identifier                        
SQL> @ /home/draigoza/Desktop/MasterOwl_Sales/mass_Details.sql;

Warning: Procedure created with compilation errors.

Errors for PROCEDURE MASS_DETAILS:

LINE/COL ERROR                                                                  
-------- -----------------------------------------------------------------      
5/14     PL/SQL: SQL Statement ignored                                          
5/69     PL/SQL: ORA-00904: "DATE_OF_ORDER": invalid identifier                 
7/14     PL/SQL: SQL Statement ignored                                          
7/75     PL/SQL: ORA-00904: "CUSTID": invalid identifier                        
9/14     PL/SQL: SQL Statement ignored                                          
9/84     PL/SQL: ORA-00904: "CUSTID": invalid identifier                        
SQL> @ /home/draigoza/Desktop/MasterOwl_Sales/mass_Details.sql;

Warning: Procedure created with compilation errors.

Errors for PROCEDURE MASS_DETAILS:

LINE/COL ERROR                                                                  
-------- -----------------------------------------------------------------      
7/8      PLS-00103: Encountered the symbol "C3" when expecting one of the       
         following:                                                             
         := . ( @ % ; not null range default character                          
                                                                                
SQL> @ /home/draigoza/Desktop/MasterOwl_Sales/mass_Details.sql;

Warning: Procedure created with compilation errors.

Errors for PROCEDURE MASS_DETAILS:

LINE/COL ERROR                                                                  
-------- -----------------------------------------------------------------      
6/14     PLS-00103: Encountered the symbol ";" when expecting one of the        
         following:                                                             
         constant exception <an identifier>                                     
         <a double-quoted delimited-identifier> table long double ref           
         char time timestamp interval date binary national character            
         nchar                                                                  
         The symbol "exception" was substituted for ";" to continue.            
                                                                                
SQL> @ /home/draigoza/Desktop/MasterOwl_Sales/mass_Details.sql;

Warning: Procedure created with compilation errors.

Errors for PROCEDURE MASS_DETAILS:

LINE/COL ERROR                                                                  
-------- -----------------------------------------------------------------      
5/14     PL/SQL: SQL Statement ignored                                          
5/69     PL/SQL: ORA-00904: "DATE_OF_ORDER": invalid identifier                 
7/14     PL/SQL: SQL Statement ignored                                          
7/59     PL/SQL: ORA-00904: "DATE_OF_ORDER": invalid identifier                 
9/14     PL/SQL: SQL Statement ignored                                          
9/84     PL/SQL: ORA-00904: "CUSTOMER1"."CUSTID": invalid identifier            
SQL> @ /home/draigoza/Desktop/MasterOwl_Sales/mass_Details.sql;

Warning: Procedure created with compilation errors.

Errors for PROCEDURE MASS_DETAILS:

LINE/COL ERROR                                                                  
-------- -----------------------------------------------------------------      
5/14     PL/SQL: SQL Statement ignored                                          
5/117    PL/SQL: ORA-00918: column ambiguously defined                          
9/14     PL/SQL: SQL Statement ignored                                          
9/28     PL/SQL: ORA-00918: column ambiguously defined                          
SQL> @ /home/draigoza/Desktop/MasterOwl_Sales/mass_Details.sql;

Warning: Procedure created with compilation errors.

Errors for PROCEDURE MASS_DETAILS:

LINE/COL ERROR                                                                  
-------- -----------------------------------------------------------------      
9/14     PL/SQL: SQL Statement ignored                                          
9/28     PL/SQL: ORA-00918: column ambiguously defined                          
SQL> @ /home/draigoza/Desktop/MasterOwl_Sales/mass_Details.sql;

Procedure created.

No errors.
SQL> CURSOR c1 IS SELECT date_of_order, orderId, shipped_Date, total_Cost, shipping_Fee from ItemOrder, Customer1 where ItemOrder.date_of_order > start1 and Customer1.custId = custId11;
SP2-0734: unknown command beginning "CURSOR c1 ..." - rest of line ignored.
SQL> 
SQL> 
SQL> 
SQL> 
SQL> @ /home/draigoza/Desktop/MasterOwl_Sales/mass_Details.sql;

Procedure created.

No errors.
SQL> @ /home/draigoza/Desktop/MasterOwl_Sales/mass_Details.sql;

Procedure created.

No errors.
SQL> @ /home/draigoza/Desktop/MasterOwl_Sales/mass_Details.sql;

Procedure created.

No errors.
SQL> @ /home/draigoza/Desktop/MasterOwl_Sales/mass_Details.sql;

Procedure created.

No errors.
SQL> @ /home/draigoza/Desktop/MasterOwl_Sales/mass_Details.sql;

Procedure created.

No errors.
SQL> @ /home/draigoza/Desktop/MasterOwl_Sales/mass_Details.sql;

Procedure created.

No errors.
SQL> ItemOrder.date_of_order, ItemOrder.orderId, ItemOrder.shipped_Date, ItemOrder.total_Cost, ItemOrder.shipping_Fee
SP2-0734: unknown command beginning "ItemOrder...." - rest of line ignored.
SQL> 
SQL> 
SQL> @ /home/draigoza/Desktop/MasterOwl_Sales/mass_Details.sql;

Warning: Procedure created with compilation errors.

Errors for PROCEDURE MASS_DETAILS:

LINE/COL ERROR                                                                  
-------- -----------------------------------------------------------------      
37/2     PL/SQL: SQL Statement ignored                                          
37/26    PLS-00403: expression 'ITEMORDER.DATE_OF_ORDER' cannot be used as      
         an INTO-target of a SELECT/FETCH statement                             
                                                                                
SQL> @ /home/draigoza/Desktop/MasterOwl_Sales/mass_Details.sql;

Procedure created.

No errors.
SQL> @ /home/draigoza/Desktop/MasterOwl_Sales/mass_Details.sql;

Warning: Procedure created with compilation errors.

Errors for PROCEDURE MASS_DETAILS:

LINE/COL ERROR                                                                  
-------- -----------------------------------------------------------------      
37/2     PL/SQL: SQL Statement ignored                                          
37/26    PLS-00403: expression 'ITEMORDER.DATE_OF_ORDER' cannot be used as      
         an INTO-target of a SELECT/FETCH statement                             
                                                                                
SQL> @ /home/draigoza/Desktop/MasterOwl_Sales/mass_Details.sql;

Procedure created.

No errors.
SQL> @ /home/draigoza/Desktop/MasterOwl_Sales/mass_Details.sql;

Procedure created.

No errors.
SQL> @ /home/draigoza/Desktop/MasterOwl_Sales/mass_Details.sql;

Warning: Procedure created with compilation errors.

Errors for PROCEDURE MASS_DETAILS:

LINE/COL ERROR                                                                  
-------- -----------------------------------------------------------------      
37/2     PL/SQL: SQL Statement ignored                                          
37/26    PLS-00403: expression 'ITEMORDER.DATE_OF_ORDER' cannot be used as      
         an INTO-target of a SELECT/FETCH statement                             
                                                                                
SQL> @ /home/draigoza/Desktop/MasterOwl_Sales/mass_Details.sql;

Procedure created.

No errors.
SQL> @ /home/draigoza/Desktop/MasterOwl_Sales/mass_Details.sql;

Procedure created.

No errors.
SQL> @ /home/draigoza/Desktop/MasterOwl_Sales/mass_Details.sql;

Procedure created.

No errors.
SQL> exec mass_Details('401','21-DEC-10');
hi                                                                              

PL/SQL procedure successfully completed.

SQL> @ /home/draigoza/Desktop/MasterOwl_Sales/mass_Details.sql;

Procedure created.

No errors.
SQL> exec mass_Details('401','21-DEC-10');
hi                                                                              

PL/SQL procedure successfully completed.

SQL> @ /home/draigoza/Desktop/MasterOwl_Sales/mass_Details.sql;

Procedure created.

No errors.
SQL> exec mass_Details('401','21-DEC-10');
hi                                                                              
hi                                                                              

PL/SQL procedure successfully completed.

SQL> @ /home/draigoza/Desktop/MasterOwl_Sales/mass_Details.sql;

Procedure created.

No errors.
SQL> exec mass_Details('401','21-DEC-10');
hi                                                                              
hi                                                                              

PL/SQL procedure successfully completed.

SQL> @ /home/draigoza/Desktop/MasterOwl_Sales/mass_Details.sql;

Procedure created.

No errors.
SQL> exec mass_Details('401','21-DEC-10');
02-JAN-19                                                                       
hi                                                                              

PL/SQL procedure successfully completed.

SQL> @ /home/draigoza/Desktop/MasterOwl_Sales/mass_Details.sql;

Procedure created.

No errors.
SQL> exec mass_Details('401','21-DEC-10');
02-JAN-1902-JAN-19                                                              
hi                                                                              

PL/SQL procedure successfully completed.

SQL> @ /home/draigoza/Desktop/MasterOwl_Sales/mass_Details.sql;

Procedure created.

No errors.
SQL> exec mass_Details('401','21-DEC-10');
02-JAN-1902-JAN-19                                                              
hi                                                                              

PL/SQL procedure successfully completed.

SQL> @ /home/draigoza/Desktop/MasterOwl_Sales/mass_Details.sql;

Warning: Procedure created with compilation errors.

Errors for PROCEDURE MASS_DETAILS:

LINE/COL ERROR                                                                  
-------- -----------------------------------------------------------------      
42/2     PL/SQL: Statement ignored                                              
42/17    PLS-00456: item 'ITEMORDER' is not a cursor                            
SQL> @ /home/draigoza/Desktop/MasterOwl_Sales/mass_Details.sql;

Warning: Procedure created with compilation errors.

Errors for PROCEDURE MASS_DETAILS:

LINE/COL ERROR                                                                  
-------- -----------------------------------------------------------------      
44/3     PL/SQL: SQL Statement ignored                                          
44/32    PLS-00597: expression 'ORDERID' in the INTO list is of wrong type      
49/3     PL/SQL: Statement ignored                                              
49/24    PLS-00306: wrong number or types of arguments in call to '||'          
SQL> @ /home/draigoza/Desktop/MasterOwl_Sales/mass_Details.sql;

Warning: Procedure created with compilation errors.

Errors for PROCEDURE MASS_DETAILS:

LINE/COL ERROR                                                                  
-------- -----------------------------------------------------------------      
44/3     PL/SQL: SQL Statement ignored                                          
44/32    PLS-00597: expression 'ORDERID' in the INTO list is of wrong type      
49/3     PL/SQL: Statement ignored                                              
49/24    PLS-00306: wrong number or types of arguments in call to '||'          
SQL> @ /home/draigoza/Desktop/MasterOwl_Sales/mass_Details.sql;

Warning: Procedure created with compilation errors.

Errors for PROCEDURE MASS_DETAILS:

LINE/COL ERROR                                                                  
-------- -----------------------------------------------------------------      
44/3     PL/SQL: SQL Statement ignored                                          
44/32    PLS-00597: expression 'ORDERID' in the INTO list is of wrong type      
50/3     PL/SQL: Statement ignored                                              
50/24    PLS-00306: wrong number or types of arguments in call to '||'          
SQL> @ /home/draigoza/Desktop/MasterOwl_Sales/mass_Details.sql;

Warning: Procedure created with compilation errors.

Errors for PROCEDURE MASS_DETAILS:

LINE/COL ERROR                                                                  
-------- -----------------------------------------------------------------      
70/2     PLS-00103: Encountered the symbol "END" when expecting one of the      
         following:                                                             
         ( begin case declare exit for goto if loop mod null pragma             
         raise return select update while with <an identifier>                  
         <a double-quoted delimited-identifier> <a bind variable> <<            
         continue close current delete fetch lock insert open rollback          
         savepoint set sql execute commit forall merge pipe purge               
                                                                                
SQL> @ /home/draigoza/Desktop/MasterOwl_Sales/mass_Details.sql;

Procedure created.

No errors.
SQL> @ /home/draigoza/Desktop/MasterOwl_Sales/mass_Details.sql;

Warning: Procedure created with compilation errors.

Errors for PROCEDURE MASS_DETAILS:

LINE/COL ERROR                                                                  
-------- -----------------------------------------------------------------      
44/3     PL/SQL: SQL Statement ignored                                          
44/32    PLS-00597: expression 'ORDERID' in the INTO list is of wrong type      
SQL> @ /home/draigoza/Desktop/MasterOwl_Sales/mass_Details.sql;

Warning: Procedure created with compilation errors.

Errors for PROCEDURE MASS_DETAILS:

LINE/COL ERROR                                                                  
-------- -----------------------------------------------------------------      
44/3     PL/SQL: SQL Statement ignored                                          
44/3     PLS-00394: wrong number of values in the INTO list of a FETCH          
         statement                                                              
                                                                                
SQL> @ /home/draigoza/Desktop/MasterOwl_Sales/mass_Details.sql;

Warning: Procedure created with compilation errors.

Errors for PROCEDURE MASS_DETAILS:

LINE/COL ERROR                                                                  
-------- -----------------------------------------------------------------      
44/3     PL/SQL: SQL Statement ignored                                          
44/32    PLS-00597: expression 'ORDERID' in the INTO list is of wrong type      
SQL> @ /home/draigoza/Desktop/MasterOwl_Sales/mass_Details.sql;

Procedure created.

No errors.
SQL> @ /home/draigoza/Desktop/MasterOwl_Sales/mass_Details.sql;

Procedure created.

No errors.
SQL> @ /home/draigoza/Desktop/MasterOwl_Sales/mass_Details.sql;

Procedure created.

No errors.
SQL> @ /home/draigoza/Desktop/MasterOwl_Sales/mass_Details.sql;

Procedure created.

No errors.
SQL> @ /home/draigoza/Desktop/MasterOwl_Sales/mass_Details.sql;

Procedure created.

No errors.
SQL> @ /home/draigoza/Desktop/MasterOwl_Sales/mass_Details.sql;

Warning: Procedure created with compilation errors.

Errors for PROCEDURE MASS_DETAILS:

LINE/COL ERROR                                                                  
-------- -----------------------------------------------------------------      
44/3     PL/SQL: SQL Statement ignored                                          
44/32    PLS-00597: expression 'ORDERID' in the INTO list is of wrong type      
SQL> @ /home/draigoza/Desktop/MasterOwl_Sales/mass_Details.sql;

Warning: Procedure created with compilation errors.

Errors for PROCEDURE MASS_DETAILS:

LINE/COL ERROR                                                                  
-------- -----------------------------------------------------------------      
44/3     PL/SQL: SQL Statement ignored                                          
44/32    PLS-00597: expression 'ORDERID' in the INTO list is of wrong type      
SQL> @ /home/draigoza/Desktop/MasterOwl_Sales/mass_Details.sql;

Warning: Procedure created with compilation errors.

Errors for PROCEDURE MASS_DETAILS:

LINE/COL ERROR                                                                  
-------- -----------------------------------------------------------------      
44/3     PL/SQL: SQL Statement ignored                                          
44/32    PLS-00597: expression 'ORDERID' in the INTO list is of wrong type      
SQL> @ /home/draigoza/Desktop/MasterOwl_Sales/mass_Details.sql;

Warning: Procedure created with compilation errors.

Errors for PROCEDURE MASS_DETAILS:

LINE/COL ERROR                                                                  
-------- -----------------------------------------------------------------      
36/2     PL/SQL: SQL Statement ignored                                          
36/7     PLS-00456: item 'C1' is not a cursor                                   
42/2     PL/SQL: Statement ignored                                              
42/17    PLS-00456: item 'C1' is not a cursor                                   
73/2     PL/SQL: SQL Statement ignored                                          
73/8     PLS-00456: item 'C1' is not a cursor                                   
SQL> CURSOR c1 IS SELECT ItemOrder.date_of_order, ItemOrder.orderId, ItemOrder.shipped_Date, ItemOrder.total_Cost, ItemOrder.shipping_Fee from Customer1, ItemOrder where ItemOrder.date_of_order > start1 and Customer1.custId = custId11;
SP2-0734: unknown command beginning "CURSOR c1 ..." - rest of line ignored.
SQL> 
SQL> @ /home/draigoza/Desktop/MasterOwl_Sales/mass_Details.sql;

Warning: Procedure created with compilation errors.

Errors for PROCEDURE MASS_DETAILS:

LINE/COL ERROR                                                                  
-------- -----------------------------------------------------------------      
44/3     PL/SQL: SQL Statement ignored                                          
44/32    PLS-00597: expression 'ORDERID' in the INTO list is of wrong type      
SQL> @ /home/draigoza/Desktop/MasterOwl_Sales/mass_Details.sql;

Warning: Procedure created with compilation errors.

Errors for PROCEDURE MASS_DETAILS:

LINE/COL ERROR                                                                  
-------- -----------------------------------------------------------------      
47/3     PL/SQL: SQL Statement ignored                                          
47/32    PLS-00597: expression 'ORDERID' in the INTO list is of wrong type      
SQL> @ /home/draigoza/Desktop/MasterOwl_Sales/mass_Details.sql;

Procedure created.

No errors.
SQL> exec mass_Details('401','21-DEC-10');
BEGIN mass_Details('401','21-DEC-10'); END;

*
ERROR at line 1:
ORA-06511: PL/SQL: cursor already open 
ORA-06512: at "DRAIGOZA.MASS_DETAILS", line 11 
ORA-06512: at "DRAIGOZA.MASS_DETAILS", line 45 
ORA-06512: at line 1 


SQL> exec mass_Details('401','21-DEC-10');
BEGIN mass_Details('401','21-DEC-10'); END;

*
ERROR at line 1:
ORA-06511: PL/SQL: cursor already open 
ORA-06512: at "DRAIGOZA.MASS_DETAILS", line 11 
ORA-06512: at "DRAIGOZA.MASS_DETAILS", line 45 
ORA-06512: at line 1 


SQL> @ /home/draigoza/Desktop/MasterOwl_Sales/mass_Details.sql;

Procedure created.

No errors.
SQL> exec mass_Details('401','21-DEC-10');
BEGIN mass_Details('401','21-DEC-10'); END;

*
ERROR at line 1:
ORA-06511: PL/SQL: cursor already open 
ORA-06512: at "DRAIGOZA.MASS_DETAILS", line 11 
ORA-06512: at "DRAIGOZA.MASS_DETAILS", line 45 
ORA-06512: at line 1 


SQL> @ /home/draigoza/Desktop/MasterOwl_Sales/mass_Details.sql;

Procedure created.

No errors.
SQL> exec mass_Details('401','21-DEC-10');

PL/SQL procedure successfully completed.

SQL> exec mass_Details('401','21-DEC-10');

PL/SQL procedure successfully completed.

SQL> exec mass_Details('401','21-DEC-10');

PL/SQL procedure successfully completed.

SQL> @ /home/draigoza/Desktop/MasterOwl_Sales/mass_Details.sql;

Procedure created.

No errors.
SQL> exec mass_Details('401','21-DEC-10');
BEGIN mass_Details('401','21-DEC-10'); END;

*
ERROR at line 1:
ORA-06511: PL/SQL: cursor already open 
ORA-06512: at "DRAIGOZA.MASS_DETAILS", line 11 
ORA-06512: at "DRAIGOZA.MASS_DETAILS", line 45 
ORA-06512: at line 1 


SQL> @ /home/draigoza/Desktop/MasterOwl_Sales/mass_Details.sql;

Procedure created.

No errors.
SQL> exec mass_Details('401','21-DEC-10');
BEGIN mass_Details('401','21-DEC-10'); END;

*
ERROR at line 1:
ORA-06511: PL/SQL: cursor already open 
ORA-06512: at "DRAIGOZA.MASS_DETAILS", line 11 
ORA-06512: at "DRAIGOZA.MASS_DETAILS", line 45 
ORA-06512: at line 1 


SQL> exec mass_Details('401','21-DEC-10');
BEGIN mass_Details('401','21-DEC-10'); END;

*
ERROR at line 1:
ORA-06511: PL/SQL: cursor already open 
ORA-06512: at "DRAIGOZA.MASS_DETAILS", line 11 
ORA-06512: at "DRAIGOZA.MASS_DETAILS", line 45 
ORA-06512: at line 1 


SQL> @ /home/draigoza/Desktop/MasterOwl_Sales/mass_Details.sql;

Procedure created.

No errors.
SQL> exec mass_Details('401','21-DEC-10');
BEGIN mass_Details('401','21-DEC-10'); END;

*
ERROR at line 1:
ORA-06511: PL/SQL: cursor already open 
ORA-06512: at "DRAIGOZA.MASS_DETAILS", line 11 
ORA-06512: at "DRAIGOZA.MASS_DETAILS", line 45 
ORA-06512: at line 1 


SQL> spool off;
