SQL> @ /home/draigoza/Desktop/MasterOwl_Sales/mass_Details.sql;

Procedure created.

No errors.
SQL> exec mass_Details('401','21-DEC-10');
BEGIN mass_Details('401','21-DEC-10'); END;

*
ERROR at line 1:
ORA-06511: PL/SQL: cursor already open 
ORA-06512: at "DRAIGOZA.MASS_DETAILS", line 6 
ORA-06512: at "DRAIGOZA.MASS_DETAILS", line 41 
ORA-06512: at line 1 


SQL> @ /home/draigoza/Desktop/MasterOwl_Sales/mass_Details.sql;

Procedure created.

No errors.
SQL> exec mass_Details('401','21-DEC-10');
BEGIN mass_Details('401','21-DEC-10'); END;

*
ERROR at line 1:
ORA-06511: PL/SQL: cursor already open 
ORA-06512: at "DRAIGOZA.MASS_DETAILS", line 6 
ORA-06512: at "DRAIGOZA.MASS_DETAILS", line 41 
ORA-06512: at line 1 


SQL> @ /home/draigoza/Desktop/MasterOwl_Sales/mass_Details.sql;

Procedure created.

No errors.
SQL> exec mass_Details('401','21-DEC-10');

PL/SQL procedure successfully completed.

SQL> @ /home/draigoza/Desktop/MasterOwl_Sales/mass_Details.sql;

Warning: Procedure created with compilation errors.

Errors for PROCEDURE MASS_DETAILS:

LINE/COL ERROR                                                                  
-------- -----------------------------------------------------------------      
45/3     PL/SQL: Statement ignored                                              
45/3     PLS-00306: wrong number or types of arguments in call to               
         'PUT_LINE'                                                             
                                                                                
SQL> @ /home/draigoza/Desktop/MasterOwl_Sales/mass_Details.sql;

Warning: Procedure created with compilation errors.

Errors for PROCEDURE MASS_DETAILS:

LINE/COL ERROR                                                                  
-------- -----------------------------------------------------------------      
45/3     PL/SQL: SQL Statement ignored                                          
45/9     PLS-00456: item 'ITEMID' is not a cursor                               
SQL> @ /home/draigoza/Desktop/MasterOwl_Sales/mass_Details.sql;

Procedure created.

No errors.
SQL> exec mass_Details('401','21-DEC-10');
BEGIN mass_Details('401','21-DEC-10'); END;

*
ERROR at line 1:
ORA-01001: invalid cursor 
ORA-06512: at "DRAIGOZA.MASS_DETAILS", line 45 
ORA-06512: at line 1 


SQL> @ /home/draigoza/Desktop/MasterOwl_Sales/mass_Details.sql;

Warning: Procedure created with compilation errors.

Errors for PROCEDURE MASS_DETAILS:

LINE/COL ERROR                                                                  
-------- -----------------------------------------------------------------      
46/3     PL/SQL: SQL Statement ignored                                          
46/39    PL/SQL: ORA-00923: FROM keyword not found where expected               
SQL> @ /home/draigoza/Desktop/MasterOwl_Sales/mass_Details.sql;

Procedure created.

No errors.
SQL> exec mass_Details('401','21-DEC-10');

PL/SQL procedure successfully completed.

SQL> @ /home/draigoza/Desktop/MasterOwl_Sales/mass_Details.sql;

Procedure created.

No errors.
SQL> exec mass_Details('401','21-DEC-10');

PL/SQL procedure successfully completed.

SQL> set serveroutput on;
SQL> exec mass_Details('401','21-DEC-10');
Customer Details: 401 Bob Din bob@yoyo.com SJ                                   
Order ID : 201                                                                  
Item ID : 001                                                                   
Item name : enders game                                                         
Price : 30.03                                                                   
Date ordered : 02-JAN-19                                                        
Shipped date :                                                                  
Tax : 6                                                                         
Shipping fee : 10                                                               
Total cost : 120                                                                
Order ID : 202                                                                  
Item ID : 002                                                                   
Item name : the bible                                                           
Price : 35.2                                                                    
Date ordered : 20-JAN-19                                                        
Shipped date : 06-JUN-19                                                        
Tax : 7.5                                                                       
Shipping fee : 10                                                               
Total cost : 150                                                                

PL/SQL procedure successfully completed.

SQL> @ /home/draigoza/Desktop/MasterOwl_Sales/mass_Details.sql;

Procedure created.

No errors.
SQL> exec mass_Details('401','21-DEC-10');
Customer Details: 401 Bob Din bob@yoyo.com SJ                                   
Order ID : 201                                                                  
Item ID : 001                                                                   
Item name : enders game                                                         
Price : 30.03                                                                   
Date ordered : 02-JAN-19                                                        
Shipped date :                                                                  
Tax : 6                                                                         
Shipping fee : 10                                                               
Total cost : 120                                                                
Order ID : 202                                                                  
Item ID : 002                                                                   
Item name : the bible                                                           
Price : 35.2                                                                    
Date ordered : 20-JAN-19                                                        
Shipped date : 06-JUN-19                                                        
Tax : 7.5                                                                       
Shipping fee : 10                                                               
Total cost : 150                                                                

PL/SQL procedure successfully completed.

SQL> @ /home/draigoza/Desktop/MasterOwl_Sales/mass_Details.sql;

Procedure created.

No errors.
SQL> exec mass_Details('401','21-DEC-10');
Customer Details: 401 Bob Din bob@yoyo.com SJ                                   
Order ID : 201                                                                  
Item ID : 001                                                                   
Item name : enders game                                                         
Price : 30.03                                                                   
Date ordered : 02-JAN-19                                                        
Shipped date :                                                                  
Tax : 6                                                                         
Shipping fee : 10                                                               
Total cost : 120                                                                
Order ID : 202                                                                  
Item ID : 002                                                                   
Item name : the bible                                                           
Price : 35.2                                                                    
Date ordered : 20-JAN-19                                                        
Shipped date : 06-JUN-19                                                        
Tax : 7.5                                                                       
Shipping fee : 10                                                               
Total cost : 150                                                                

PL/SQL procedure successfully completed.

SQL> @ /home/draigoza/Desktop/MasterOwl_Sales/mass_Details.sql;

Warning: Procedure created with compilation errors.

Errors for PROCEDURE MASS_DETAILS:

LINE/COL ERROR                                                                  
-------- -----------------------------------------------------------------      
40/2     PL/SQL: Statement ignored                                              
40/2     PLS-00306: wrong number or types of arguments in call to               
         'NEW_LINE'                                                             
                                                                                
41/2     PL/SQL: Statement ignored                                              
41/2     PLS-00306: wrong number or types of arguments in call to               
         'NEW_LINE'                                                             
                                                                                
SQL> @ /home/draigoza/Desktop/MasterOwl_Sales/mass_Details.sql;

Procedure created.

No errors.
SQL> exec mass_Details('401','21-DEC-10');
Customer Details: 401 Bob Din bob@yoyo.com SJ                                   
Order ID : 201                                                                  
Item ID : 001                                                                   
Item name : enders game                                                         
Price : 30.03                                                                   
Date ordered : 02-JAN-19                                                        
Shipped date :                                                                  
Tax : 6                                                                         
Shipping fee : 10                                                               
Total cost : 120                                                                
Order ID : 202                                                                  
Item ID : 002                                                                   
Item name : the bible                                                           
Price : 35.2                                                                    
Date ordered : 20-JAN-19                                                        
Shipped date : 06-JUN-19                                                        
Tax : 7.5                                                                       
Shipping fee : 10                                                               
Total cost : 150                                                                

PL/SQL procedure successfully completed.

SQL> @ /home/draigoza/Desktop/MasterOwl_Sales/mass_Details.sql;

Procedure created.

No errors.
SQL> exec mass_Details('401','21-DEC-10');
Customer Details: 401 Bob Din bob@yoyo.com SJ                                   
Order ID : 201                                                                  
Item ID : 001                                                                   
Item name : enders game                                                         
Price : 30.03                                                                   
Date ordered : 02-JAN-19                                                        
Shipped date :                                                                  
Tax : 6                                                                         
Shipping fee : 10                                                               
Total cost : 120                                                                
Order ID : 202                                                                  
Item ID : 002                                                                   
Item name : the bible                                                           
Price : 35.2                                                                    
Date ordered : 20-JAN-19                                                        
Shipped date : 06-JUN-19                                                        
Tax : 7.5                                                                       
Shipping fee : 10                                                               
Total cost : 150                                                                

PL/SQL procedure successfully completed.

SQL> @ /home/draigoza/Desktop/MasterOwl_Sales/mass_Details.sql;

Procedure created.

No errors.
SQL> exec mass_Details('401','21-DEC-10');
Customer Details: 401 Bob Din bob@yoyo.com SJ                                   
--------------------------------------------------                              
Order ID : 201                                                                  
Item ID : 001                                                                   
Item name : enders game                                                         
Price : 30.03                                                                   
Date ordered : 02-JAN-19                                                        
Shipped date :                                                                  
Tax : 6                                                                         
Shipping fee : 10                                                               
Total cost : 120                                                                
--------------------------------------------------                              
--------------------------------------------------                              
Order ID : 202                                                                  
Item ID : 002                                                                   
Item name : the bible                                                           
Price : 35.2                                                                    
Date ordered : 20-JAN-19                                                        
Shipped date : 06-JUN-19                                                        
Tax : 7.5                                                                       
Shipping fee : 10                                                               
Total cost : 150                                                                
--------------------------------------------------                              

PL/SQL procedure successfully completed.

SQL> @ /home/draigoza/Desktop/MasterOwl_Sales/make_Report.sql;
